reach per course (u relative to ARES): c0 -820..820 (82 of 101 ok), c1 -800..800 (81 of 101 ok), c2 -740..740 (75 of 101 ok)
wall: 69 stones in 3 courses, 4 stops: 24 stones, 21 stones, 21 stones, 3 stones; ARES moves 1400 mm, 1400 mm, 1400 mm
magazine: 15 reachable slots
stop 1: 24 stones
   placed c0 u=  100  (collision tests so far: 6)
   placed c0 u=  300  (collision tests so far: 14)
   placed c1 u=  200  (collision tests so far: 25)
   placed c0 u=  500  (collision tests so far: 36)
   placed c1 u=  400  (collision tests so far: 44)
   placed c2 u=  300  (collision tests so far: 50)
   placed c0 u=  700  (collision tests so far: 61)
   placed c1 u=  600  (collision tests so far: 72)
   placed c2 u=  500  (collision tests so far: 78)
   placed c0 u=  900  (collision tests so far: 89)
   placed c1 u=  800  (collision tests so far: 100)
   placed c2 u=  700  (collision tests so far: 109)
   placed c0 u= 1100  (collision tests so far: 120)
   placed c1 u= 1000  (collision tests so far: 131)
   placed c2 u=  900  (collision tests so far: 137)
   magazine empty -> reload (simulated)
   placed c0 u= 1300  (collision tests so far: 149)
   placed c1 u= 1200  (collision tests so far: 162)
   placed c2 u= 1100  (collision tests so far: 168)
   placed c0 u= 1500  (collision tests so far: 179)
   placed c1 u= 1400  (collision tests so far: 190)
   placed c2 u= 1300  (collision tests so far: 196)
   placed c0 u= 1700  (collision tests so far: 207)
   placed c1 u= 1600  (collision tests so far: 218)
   placed c2 u= 1500  (collision tests so far: 224)
ARES drives 1400 mm sideways
stop 2: 21 stones
   placed c0 u= 1900  (collision tests so far: 236)
   placed c1 u= 1800  (collision tests so far: 242)
   placed c2 u= 1700  (collision tests so far: 248)
   placed c0 u= 2100  (collision tests so far: 259)
   placed c1 u= 2000  (collision tests so far: 265)
   placed c2 u= 1900  (collision tests so far: 271)
   magazine empty -> reload (simulated)
   placed c0 u= 2300  (collision tests so far: 283)
   placed c1 u= 2200  (collision tests so far: 292)
   placed c2 u= 2100  (collision tests so far: 298)
   placed c0 u= 2500  (collision tests so far: 309)
   placed c1 u= 2400  (collision tests so far: 320)
   placed c2 u= 2300  (collision tests so far: 326)
   placed c0 u= 2700  (collision tests so far: 337)
   placed c1 u= 2600  (collision tests so far: 350)
   placed c2 u= 2500  (collision tests so far: 356)
   placed c0 u= 2900  (collision tests so far: 367)
   placed c1 u= 2800  (collision tests so far: 376)
   placed c2 u= 2700  (collision tests so far: 382)
   placed c0 u= 3100  (collision tests so far: 391)
   placed c1 u= 3000  (collision tests so far: 399)
   placed c2 u= 2900  (collision tests so far: 405)
ARES drives 1400 mm sideways
stop 3: 21 stones
   magazine empty -> reload (simulated)
   placed c0 u= 3300  (collision tests so far: 418)
   placed c1 u= 3200  (collision tests so far: 426)
   placed c2 u= 3100  (collision tests so far: 432)
   placed c0 u= 3500  (collision tests so far: 443)
   placed c1 u= 3400  (collision tests so far: 456)
   placed c2 u= 3300  (collision tests so far: 464)
   placed c0 u= 3700  (collision tests so far: 475)
   placed c1 u= 3600  (collision tests so far: 486)
   placed c2 u= 3500  (collision tests so far: 492)
   placed c0 u= 3900  (collision tests so far: 503)
   placed c1 u= 3800  (collision tests so far: 511)
   placed c2 u= 3700  (collision tests so far: 517)
   placed c0 u= 4100  (collision tests so far: 528)
   placed c1 u= 4000  (collision tests so far: 537)
   placed c2 u= 3900  (collision tests so far: 543)
   magazine empty -> reload (simulated)
   placed c0 u= 4300  (collision tests so far: 550)
   placed c1 u= 4200  (collision tests so far: 563)
   placed c2 u= 4100  (collision tests so far: 569)
   placed c0 u= 4500  (collision tests so far: 580)
   placed c1 u= 4400  (collision tests so far: 591)
   placed c2 u= 4300  (collision tests so far: 597)
ARES drives 1400 mm sideways
stop 4: 3 stones
   placed c0 u= 4700  (collision tests so far: 604)
   placed c1 u= 4600  (collision tests so far: 610)
   placed c2 u= 4500  (collision tests so far: 616)
done: 69/69 stones, 617 collision tests, 476 s wall-clock
